// Jest Snapshot v1, https://goo.gl/fbAQLP

exports[`Table should render correct 1`] = `
<table
  class="table"
>
  <thead
    class="thead"
  >
    <tr
      class="tr"
    >
      <th
        class="cell"
      >
        name
      </th>
      <th
        class="cell"
      >
        age
      </th>
      <th
        class="cell"
      >
        game pass
      </th>
    </tr>
  </thead>
  <tbody
    class="tbody"
  >
    <tr
      class="tr"
    >
      <td
        class="cell"
      >
        Tom
      </td>
      <td
        class="cell"
      >
        27
      </td>
      <td
        class="cell"
      >
        yes
      </td>
    </tr>
    <tr
      class="tr"
    >
      <td
        class="cell"
      >
        Jerry
      </td>
      <td
        class="cell"
      >
        22
      </td>
      <td
        class="cell"
      >
        no
      </td>
    </tr>
  </tbody>
</table>
`;
